[master ccee180] 0 of 100
 Committer: CS24000 Account <cs240@data.cs.purdue.edu>
Your name and email address were configured automatically based
on your username and hostname. Please check that they are accurate.
You can suppress this message by setting them explicitly:

    git config --global user.name "Your Name"
    git config --global user.email you@example.com

After doing this, you may fix the identity used for this commit with:

    git commit --amend --reset-author

 3 files changed, 18 insertions(+)
 create mode 100644 test/.local.git.out
 create mode 100644 test/.local.total.out
 create mode 100644 test/total.out
[master 3ba0fc8] 20 of 100
 11 files changed, 56 insertions(+), 4 deletions(-)
 create mode 100644 add.o
 create mode 100755 exp
 create mode 100644 exp.o
 create mode 100644 exp_short.o
 create mode 100644 hello.c
 create mode 100644 hello.c.save
 create mode 100755 high-low
[master a4f8cf2] 20 of 100
 4 files changed, 38 insertions(+), 5 deletions(-)
[master 0c18349] 100 of 100
 5 files changed, 22 insertions(+), 8 deletions(-)
